{"phase": "catboost", "zone": "DE", "frequency": "h", "completed_days": 10, "total_days": 264, "day": "2026-01-04", "elapsed_seconds": 0.39090879997820593}
{"phase": "catboost", "zone": "BE", "frequency": "h", "completed_days": 10, "total_days": 264, "day": "2026-01-04", "elapsed_seconds": 0.3801556999969762}
{"phase": "catboost", "zone": "FR", "frequency": "h", "completed_days": 10, "total_days": 264, "day": "2026-01-04", "elapsed_seconds": 0.3908030000166036}
{"phase": "catboost", "zone": "NL", "frequency": "h", "completed_days": 10, "total_days": 264, "day": "2026-01-04", "elapsed_seconds": 0.39426370000001043}
{"phase": "catboost", "zone": "BE", "frequency": "h", "completed_days": 20, "total_days": 264, "day": "2026-01-14", "elapsed_seconds": 0.5907931000110693}
{"phase": "catboost", "zone": "DE", "frequency": "h", "completed_days": 20, "total_days": 264, "day": "2026-01-14", "elapsed_seconds": 0.6045933999994304}
{"phase": "catboost", "zone": "FR", "frequency": "h", "completed_days": 20, "total_days": 264, "day": "2026-01-14", "elapsed_seconds": 0.6003062000090722}
{"phase": "catboost", "zone": "NL", "frequency": "h", "completed_days": 20, "total_days": 264, "day": "2026-01-14", "elapsed_seconds": 0.6058731999946758}
{"phase": "catboost", "zone": "DE", "frequency": "h", "completed_days": 30, "total_days": 264, "day": "2026-01-24", "elapsed_seconds": 0.8162783999869134}
{"phase": "catboost", "zone": "BE", "frequency": "h", "completed_days": 30, "total_days": 264, "day": "2026-01-24", "elapsed_seconds": 0.8031478000048082}
{"phase": "catboost", "zone": "FR", "frequency": "h", "completed_days": 30, "total_days": 264, "day": "2026-01-24", "elapsed_seconds": 0.8153960000199731}
{"phase": "catboost", "zone": "NL", "frequency": "h", "completed_days": 30, "total_days": 264, "day": "2026-01-24", "elapsed_seconds": 0.8184296000108588}
{"phase": "catboost", "zone": "BE", "frequency": "h", "completed_days": 40, "total_days": 264, "day": "2026-02-03", "elapsed_seconds": 1.0273916000151075}
{"phase": "catboost", "zone": "DE", "frequency": "h", "completed_days": 40, "total_days": 264, "day": "2026-02-03", "elapsed_seconds": 1.0411886999791022}
{"phase": "catboost", "zone": "FR", "frequency": "h", "completed_days": 40, "total_days": 264, "day": "2026-02-03", "elapsed_seconds": 1.0393315000110306}
{"phase": "catboost", "zone": "NL", "frequency": "h", "completed_days": 40, "total_days": 264, "day": "2026-02-03", "elapsed_seconds": 1.0455354999867268}
{"phase": "catboost", "zone": "DE", "frequency": "h", "completed_days": 50, "total_days": 264, "day": "2026-02-13", "elapsed_seconds": 1.2694862999778707}
{"phase": "catboost", "zone": "BE", "frequency": "h", "completed_days": 50, "total_days": 264, "day": "2026-02-13", "elapsed_seconds": 1.2568921000056434}
{"phase": "catboost", "zone": "FR", "frequency": "h", "completed_days": 50, "total_days": 264, "day": "2026-02-13", "elapsed_seconds": 1.2678340999991633}
{"phase": "catboost", "zone": "NL", "frequency": "h", "completed_days": 50, "total_days": 264, "day": "2026-02-13", "elapsed_seconds": 1.2730338999826927}
{"phase": "catboost", "zone": "BE", "frequency": "h", "completed_days": 60, "total_days": 264, "day": "2026-02-23", "elapsed_seconds": 1.4868088999937754}
{"phase": "catboost", "zone": "DE", "frequency": "h", "completed_days": 60, "total_days": 264, "day": "2026-02-23", "elapsed_seconds": 1.5002952999784611}
{"phase": "catboost", "zone": "FR", "frequency": "h", "completed_days": 60, "total_days": 264, "day": "2026-02-23", "elapsed_seconds": 1.4992833000142127}
{"phase": "catboost", "zone": "NL", "frequency": "h", "completed_days": 60, "total_days": 264, "day": "2026-02-23", "elapsed_seconds": 1.5058643000083975}
{"phase": "catboost", "zone": "BE", "frequency": "h", "completed_days": 70, "total_days": 264, "day": "2026-03-05", "elapsed_seconds": 1.7239763000106905}
{"phase": "catboost", "zone": "DE", "frequency": "h", "completed_days": 70, "total_days": 264, "day": "2026-03-05", "elapsed_seconds": 34.11382309999317}
{"phase": "catboost", "zone": "FR", "frequency": "h", "completed_days": 70, "total_days": 264, "day": "2026-03-05", "elapsed_seconds": 64.64858230002574}
{"phase": "catboost", "zone": "NL", "frequency": "h", "completed_days": 70, "total_days": 264, "day": "2026-03-05", "elapsed_seconds": 94.24428199999966}
{"phase": "catboost", "zone": "BE", "frequency": "h", "completed_days": 80, "total_days": 264, "day": "2026-03-15", "elapsed_seconds": 161.28768999999738}
{"phase": "catboost", "zone": "DE", "frequency": "h", "completed_days": 80, "total_days": 264, "day": "2026-03-15", "elapsed_seconds": 199.40936079999665}
{"phase": "catboost", "zone": "FR", "frequency": "h", "completed_days": 80, "total_days": 264, "day": "2026-03-15", "elapsed_seconds": 251.17304750002222}
{"phase": "catboost", "zone": "NL", "frequency": "h", "completed_days": 80, "total_days": 264, "day": "2026-03-15", "elapsed_seconds": 279.8897405999887}
{"phase": "catboost", "zone": "BE", "frequency": "h", "completed_days": 90, "total_days": 264, "day": "2026-03-25", "elapsed_seconds": 381.65001330000814}
{"phase": "catboost", "zone": "DE", "frequency": "h", "completed_days": 90, "total_days": 264, "day": "2026-03-25", "elapsed_seconds": 441.27962709998246}
{"phase": "catboost", "zone": "FR", "frequency": "h", "completed_days": 90, "total_days": 264, "day": "2026-03-25", "elapsed_seconds": 487.2203966000234}
{"phase": "catboost", "zone": "NL", "frequency": "h", "completed_days": 90, "total_days": 264, "day": "2026-03-25", "elapsed_seconds": 510.9054832000111}
{"phase": "catboost", "zone": "BE", "frequency": "h", "completed_days": 100, "total_days": 264, "day": "2026-04-04", "elapsed_seconds": 580.9997898000001}
{"phase": "catboost", "zone": "DE", "frequency": "h", "completed_days": 100, "total_days": 264, "day": "2026-04-04", "elapsed_seconds": 612.10211539999}
{"phase": "catboost", "zone": "FR", "frequency": "h", "completed_days": 100, "total_days": 264, "day": "2026-04-04", "elapsed_seconds": 672.9393553000118}
{"phase": "catboost", "zone": "NL", "frequency": "h", "completed_days": 100, "total_days": 264, "day": "2026-04-04", "elapsed_seconds": 708.021392900002}
{"phase": "catboost", "zone": "BE", "frequency": "h", "completed_days": 110, "total_days": 264, "day": "2026-04-14", "elapsed_seconds": 806.0415754000132}
{"phase": "catboost", "zone": "DE", "frequency": "h", "completed_days": 110, "total_days": 264, "day": "2026-04-14", "elapsed_seconds": 835.2927048999991}
{"phase": "catboost", "zone": "FR", "frequency": "h", "completed_days": 110, "total_days": 264, "day": "2026-04-14", "elapsed_seconds": 878.9313655000005}
{"phase": "catboost", "zone": "NL", "frequency": "h", "completed_days": 110, "total_days": 264, "day": "2026-04-14", "elapsed_seconds": 897.2160411000077}
{"phase": "catboost", "zone": "BE", "frequency": "h", "completed_days": 120, "total_days": 264, "day": "2026-04-24", "elapsed_seconds": 983.4664764000045}
{"phase": "catboost", "zone": "DE", "frequency": "h", "completed_days": 120, "total_days": 264, "day": "2026-04-24", "elapsed_seconds": 1011.3198451999924}
{"phase": "catboost", "zone": "FR", "frequency": "h", "completed_days": 120, "total_days": 264, "day": "2026-04-24", "elapsed_seconds": 1058.2676425000245}
{"phase": "catboost", "zone": "NL", "frequency": "h", "completed_days": 120, "total_days": 264, "day": "2026-04-24", "elapsed_seconds": 1075.0885698999919}
{"phase": "catboost", "zone": "BE", "frequency": "h", "completed_days": 130, "total_days": 264, "day": "2026-05-04", "elapsed_seconds": 1167.2466127999942}
{"phase": "catboost", "zone": "DE", "frequency": "h", "completed_days": 130, "total_days": 264, "day": "2026-05-04", "elapsed_seconds": 1194.4784210999787}
{"phase": "catboost", "zone": "FR", "frequency": "h", "completed_days": 130, "total_days": 264, "day": "2026-05-04", "elapsed_seconds": 1245.1156429000257}
{"phase": "catboost", "zone": "NL", "frequency": "h", "completed_days": 130, "total_days": 264, "day": "2026-05-04", "elapsed_seconds": 1259.3773703000043}
{"phase": "catboost", "zone": "BE", "frequency": "h", "completed_days": 140, "total_days": 264, "day": "2026-05-14", "elapsed_seconds": 1358.3718283000053}
{"phase": "catboost", "zone": "DE", "frequency": "h", "completed_days": 140, "total_days": 264, "day": "2026-05-14", "elapsed_seconds": 1383.3678113999777}
{"phase": "catboost", "zone": "FR", "frequency": "h", "completed_days": 140, "total_days": 264, "day": "2026-05-14", "elapsed_seconds": 1436.2637156000128}
{"phase": "catboost", "zone": "NL", "frequency": "h", "completed_days": 140, "total_days": 264, "day": "2026-05-14", "elapsed_seconds": 1446.8837471999868}
{"phase": "catboost", "zone": "BE", "frequency": "h", "completed_days": 150, "total_days": 264, "day": "2026-05-24", "elapsed_seconds": 1552.1353611999948}
{"phase": "catboost", "zone": "DE", "frequency": "h", "completed_days": 150, "total_days": 264, "day": "2026-05-24", "elapsed_seconds": 1577.2812878999976}
{"phase": "catboost", "zone": "FR", "frequency": "h", "completed_days": 150, "total_days": 264, "day": "2026-05-24", "elapsed_seconds": 1631.5300576000009}
{"phase": "catboost", "zone": "NL", "frequency": "h", "completed_days": 150, "total_days": 264, "day": "2026-05-24", "elapsed_seconds": 1640.368546999991}
{"phase": "catboost", "zone": "BE", "frequency": "h", "completed_days": 160, "total_days": 264, "day": "2026-06-03", "elapsed_seconds": 1749.5184223999968}
{"phase": "catboost", "zone": "DE", "frequency": "h", "completed_days": 160, "total_days": 264, "day": "2026-06-03", "elapsed_seconds": 1774.1283069999772}
{"phase": "catboost", "zone": "FR", "frequency": "h", "completed_days": 160, "total_days": 264, "day": "2026-06-03", "elapsed_seconds": 1830.069370800018}
{"phase": "catboost", "zone": "NL", "frequency": "h", "completed_days": 160, "total_days": 264, "day": "2026-06-03", "elapsed_seconds": 1836.6577592999965}
{"phase": "catboost", "zone": "BE", "frequency": "h", "completed_days": 170, "total_days": 264, "day": "2026-06-13", "elapsed_seconds": 1951.3790949000104}
{"phase": "catboost", "zone": "DE", "frequency": "h", "completed_days": 170, "total_days": 264, "day": "2026-06-13", "elapsed_seconds": 1976.4059616999875}
{"phase": "catboost", "zone": "FR", "frequency": "h", "completed_days": 170, "total_days": 264, "day": "2026-06-13", "elapsed_seconds": 2034.5883745000174}
{"phase": "catboost", "zone": "NL", "frequency": "h", "completed_days": 170, "total_days": 264, "day": "2026-06-13", "elapsed_seconds": 2039.3301718999865}
{"phase": "catboost", "zone": "BE", "frequency": "h", "completed_days": 180, "total_days": 264, "day": "2026-06-23", "elapsed_seconds": 2158.5038736000133}
{"phase": "catboost", "zone": "DE", "frequency": "h", "completed_days": 180, "total_days": 264, "day": "2026-06-23", "elapsed_seconds": 2181.3263466999924}
{"phase": "catboost", "zone": "FR", "frequency": "h", "completed_days": 180, "total_days": 264, "day": "2026-06-23", "elapsed_seconds": 2242.7181965000054}
{"phase": "catboost", "zone": "NL", "frequency": "h", "completed_days": 180, "total_days": 264, "day": "2026-06-23", "elapsed_seconds": 2244.292613800004}
{"phase": "catboost", "zone": "BE", "frequency": "h", "completed_days": 190, "total_days": 264, "day": "2026-07-03", "elapsed_seconds": 2370.8805607999966}
{"phase": "catboost", "zone": "DE", "frequency": "h", "completed_days": 190, "total_days": 264, "day": "2026-07-03", "elapsed_seconds": 2393.7646751999855}
{"phase": "catboost", "zone": "NL", "frequency": "h", "completed_days": 190, "total_days": 264, "day": "2026-07-03", "elapsed_seconds": 2456.790517299989}
{"phase": "catboost", "zone": "FR", "frequency": "h", "completed_days": 190, "total_days": 264, "day": "2026-07-03", "elapsed_seconds": 2457.2654320000147}
{"phase": "catboost", "zone": "BE", "frequency": "h", "completed_days": 200, "total_days": 264, "day": "2026-07-13", "elapsed_seconds": 2613.8550008000166}
{"phase": "catboost", "zone": "DE", "frequency": "h", "completed_days": 200, "total_days": 264, "day": "2026-07-13", "elapsed_seconds": 2635.1676707000006}
{"phase": "catboost", "zone": "NL", "frequency": "h", "completed_days": 200, "total_days": 264, "day": "2026-07-13", "elapsed_seconds": 2697.8860080000013}
{"phase": "catboost", "zone": "FR", "frequency": "h", "completed_days": 200, "total_days": 264, "day": "2026-07-13", "elapsed_seconds": 2701.678164400015}
{"phase": "catboost", "zone": "BE", "frequency": "h", "completed_days": 210, "total_days": 264, "day": "2026-07-23", "elapsed_seconds": 2846.2386423000135}
{"phase": "catboost", "zone": "DE", "frequency": "h", "completed_days": 210, "total_days": 264, "day": "2026-07-23", "elapsed_seconds": 2867.6308806999878}
{"phase": "catboost", "zone": "NL", "frequency": "h", "completed_days": 210, "total_days": 264, "day": "2026-07-23", "elapsed_seconds": 2931.3856988000043}
{"phase": "catboost", "zone": "FR", "frequency": "h", "completed_days": 210, "total_days": 264, "day": "2026-07-23", "elapsed_seconds": 2936.362215800007}
{"phase": "catboost", "zone": "BE", "frequency": "h", "completed_days": 220, "total_days": 264, "day": "2026-08-02", "elapsed_seconds": 3073.560412299994}
{"phase": "catboost", "zone": "DE", "frequency": "h", "completed_days": 220, "total_days": 264, "day": "2026-08-02", "elapsed_seconds": 3094.579125999997}
{"phase": "catboost", "zone": "NL", "frequency": "h", "completed_days": 220, "total_days": 264, "day": "2026-08-02", "elapsed_seconds": 3157.422739700007}
{"phase": "catboost", "zone": "FR", "frequency": "h", "completed_days": 220, "total_days": 264, "day": "2026-08-02", "elapsed_seconds": 3165.97102300002}
{"phase": "catboost", "zone": "BE", "frequency": "h", "completed_days": 230, "total_days": 264, "day": "2026-08-12", "elapsed_seconds": 3304.7672485999938}
{"phase": "catboost", "zone": "DE", "frequency": "h", "completed_days": 230, "total_days": 264, "day": "2026-08-12", "elapsed_seconds": 3326.558576999989}
{"phase": "catboost", "zone": "NL", "frequency": "h", "completed_days": 230, "total_days": 264, "day": "2026-08-12", "elapsed_seconds": 3390.370980699983}
{"phase": "catboost", "zone": "FR", "frequency": "h", "completed_days": 230, "total_days": 264, "day": "2026-08-12", "elapsed_seconds": 3400.8969585000013}
{"phase": "catboost", "zone": "BE", "frequency": "h", "completed_days": 240, "total_days": 264, "day": "2026-08-22", "elapsed_seconds": 3543.087610699993}
{"phase": "catboost", "zone": "DE", "frequency": "h", "completed_days": 240, "total_days": 264, "day": "2026-08-22", "elapsed_seconds": 3563.2800916999986}
{"phase": "catboost", "zone": "NL", "frequency": "h", "completed_days": 240, "total_days": 264, "day": "2026-08-22", "elapsed_seconds": 3627.7286429000087}
{"phase": "catboost", "zone": "FR", "frequency": "h", "completed_days": 240, "total_days": 264, "day": "2026-08-22", "elapsed_seconds": 3639.9999977000116}
{"phase": "catboost", "zone": "BE", "frequency": "h", "completed_days": 250, "total_days": 264, "day": "2026-09-01", "elapsed_seconds": 3784.7917446999927}
{"phase": "catboost", "zone": "DE", "frequency": "h", "completed_days": 250, "total_days": 264, "day": "2026-09-01", "elapsed_seconds": 3804.649459499982}
{"phase": "catboost", "zone": "NL", "frequency": "h", "completed_days": 250, "total_days": 264, "day": "2026-09-01", "elapsed_seconds": 3871.7571909000108}
{"phase": "catboost", "zone": "FR", "frequency": "h", "completed_days": 250, "total_days": 264, "day": "2026-09-01", "elapsed_seconds": 3885.8163109000016}
{"phase": "catboost", "zone": "BE", "frequency": "h", "completed_days": 260, "total_days": 264, "day": "2026-09-11", "elapsed_seconds": 4033.356513800012}
{"phase": "catboost", "zone": "DE", "frequency": "h", "completed_days": 260, "total_days": 264, "day": "2026-09-11", "elapsed_seconds": 4052.1956901999947}
{"phase": "catboost", "zone": "NL", "frequency": "h", "completed_days": 260, "total_days": 264, "day": "2026-09-11", "elapsed_seconds": 4119.00240659999}
{"phase": "catboost", "zone": "BE", "frequency": "h", "completed_days": 264, "total_days": 264, "day": "2026-09-15", "elapsed_seconds": 4139.579270100017}
{"phase": "catboost", "zone": "FR", "frequency": "h", "completed_days": 260, "total_days": 264, "day": "2026-09-11", "elapsed_seconds": 4142.45424750002}
{"phase": "kalman", "zone": "BE", "frequency": "h", "completed_days": 1, "total_days": 90, "day": "2026-06-18", "elapsed_seconds": 4142.827913999994}
{"phase": "kalman", "zone": "BE", "frequency": "h", "completed_days": 2, "total_days": 90, "day": "2026-06-19", "elapsed_seconds": 4145.741506899998}
{"phase": "kalman", "zone": "BE", "frequency": "h", "completed_days": 3, "total_days": 90, "day": "2026-06-20", "elapsed_seconds": 4148.839710500004}
{"phase": "kalman", "zone": "BE", "frequency": "h", "completed_days": 4, "total_days": 90, "day": "2026-06-21", "elapsed_seconds": 4152.322393300012}
{"phase": "kalman", "zone": "BE", "frequency": "h", "completed_days": 5, "total_days": 90, "day": "2026-06-22", "elapsed_seconds": 4157.033469799993}
{"phase": "catboost", "zone": "DE", "frequency": "h", "completed_days": 264, "total_days": 264, "day": "2026-09-15", "elapsed_seconds": 4158.118218799995}
{"phase": "kalman", "zone": "BE", "frequency": "h", "completed_days": 6, "total_days": 90, "day": "2026-06-23", "elapsed_seconds": 4161.03277630001}
{"phase": "kalman", "zone": "DE", "frequency": "h", "completed_days": 1, "total_days": 90, "day": "2026-06-18", "elapsed_seconds": 4161.463048799982}
{"phase": "kalman", "zone": "BE", "frequency": "h", "completed_days": 7, "total_days": 90, "day": "2026-06-24", "elapsed_seconds": 4164.6554775999975}
{"phase": "kalman", "zone": "DE", "frequency": "h", "completed_days": 2, "total_days": 90, "day": "2026-06-19", "elapsed_seconds": 4164.949234200001}
{"phase": "kalman", "zone": "BE", "frequency": "h", "completed_days": 8, "total_days": 90, "day": "2026-06-25", "elapsed_seconds": 4168.338441800006}
{"phase": "kalman", "zone": "DE", "frequency": "h", "completed_days": 3, "total_days": 90, "day": "2026-06-20", "elapsed_seconds": 4168.7405363}
{"phase": "kalman", "zone": "BE", "frequency": "h", "completed_days": 9, "total_days": 90, "day": "2026-06-26", "elapsed_seconds": 4172.945354299998}
{"phase": "kalman", "zone": "DE", "frequency": "h", "completed_days": 4, "total_days": 90, "day": "2026-06-21", "elapsed_seconds": 4173.298944299982}
{"phase": "kalman", "zone": "BE", "frequency": "h", "completed_days": 10, "total_days": 90, "day": "2026-06-27", "elapsed_seconds": 4176.85071150001}
{"phase": "kalman", "zone": "DE", "frequency": "h", "completed_days": 5, "total_days": 90, "day": "2026-06-22", "elapsed_seconds": 4177.087172500003}
{"phase": "kalman", "zone": "BE", "frequency": "h", "completed_days": 11, "total_days": 90, "day": "2026-06-28", "elapsed_seconds": 4180.983472199994}
{"phase": "kalman", "zone": "DE", "frequency": "h", "completed_days": 6, "total_days": 90, "day": "2026-06-23", "elapsed_seconds": 4181.222185699997}
{"phase": "kalman", "zone": "BE", "frequency": "h", "completed_days": 12, "total_days": 90, "day": "2026-06-29", "elapsed_seconds": 4184.654365399998}
{"phase": "kalman", "zone": "DE", "frequency": "h", "completed_days": 7, "total_days": 90, "day": "2026-06-24", "elapsed_seconds": 4184.853706599999}
{"phase": "kalman", "zone": "BE", "frequency": "h", "completed_days": 13, "total_days": 90, "day": "2026-06-30", "elapsed_seconds": 4188.277464000013}
{"phase": "kalman", "zone": "DE", "frequency": "h", "completed_days": 8, "total_days": 90, "day": "2026-06-25", "elapsed_seconds": 4188.315869699989}
{"phase": "kalman", "zone": "BE", "frequency": "h", "completed_days": 14, "total_days": 90, "day": "2026-07-01", "elapsed_seconds": 4191.718873100006}
{"phase": "kalman", "zone": "DE", "frequency": "h", "completed_days": 9, "total_days": 90, "day": "2026-06-26", "elapsed_seconds": 4191.747188799985}
{"phase": "kalman", "zone": "DE", "frequency": "h", "completed_days": 10, "total_days": 90, "day": "2026-06-27", "elapsed_seconds": 4195.435658000002}
{"phase": "kalman", "zone": "BE", "frequency": "h", "completed_days": 15, "total_days": 90, "day": "2026-07-02", "elapsed_seconds": 4195.511160099995}
{"phase": "kalman", "zone": "DE", "frequency": "h", "completed_days": 11, "total_days": 90, "day": "2026-06-28", "elapsed_seconds": 4198.764103399997}
{"phase": "kalman", "zone": "BE", "frequency": "h", "completed_days": 16, "total_days": 90, "day": "2026-07-03", "elapsed_seconds": 4198.883950000018}
{"phase": "kalman", "zone": "DE", "frequency": "h", "completed_days": 12, "total_days": 90, "day": "2026-06-29", "elapsed_seconds": 4202.075088099984}
{"phase": "kalman", "zone": "BE", "frequency": "h", "completed_days": 17, "total_days": 90, "day": "2026-07-04", "elapsed_seconds": 4202.167968900001}
{"phase": "kalman", "zone": "DE", "frequency": "h", "completed_days": 13, "total_days": 90, "day": "2026-06-30", "elapsed_seconds": 4205.422078899981}
{"phase": "kalman", "zone": "BE", "frequency": "h", "completed_days": 18, "total_days": 90, "day": "2026-07-05", "elapsed_seconds": 4205.640695400012}
{"phase": "kalman", "zone": "DE", "frequency": "h", "completed_days": 14, "total_days": 90, "day": "2026-07-01", "elapsed_seconds": 4208.873536300001}
{"phase": "kalman", "zone": "BE", "frequency": "h", "completed_days": 19, "total_days": 90, "day": "2026-07-06", "elapsed_seconds": 4209.164526400011}
{"phase": "kalman", "zone": "DE", "frequency": "h", "completed_days": 15, "total_days": 90, "day": "2026-07-02", "elapsed_seconds": 4211.944494800002}
{"phase": "kalman", "zone": "BE", "frequency": "h", "completed_days": 20, "total_days": 90, "day": "2026-07-07", "elapsed_seconds": 4212.328194900008}
{"phase": "kalman", "zone": "DE", "frequency": "h", "completed_days": 16, "total_days": 90, "day": "2026-07-03", "elapsed_seconds": 4215.17799169998}
{"phase": "kalman", "zone": "BE", "frequency": "h", "completed_days": 21, "total_days": 90, "day": "2026-07-08", "elapsed_seconds": 4215.699412999995}
{"phase": "kalman", "zone": "DE", "frequency": "h", "completed_days": 17, "total_days": 90, "day": "2026-07-04", "elapsed_seconds": 4218.301824599999}
{"phase": "kalman", "zone": "BE", "frequency": "h", "completed_days": 22, "total_days": 90, "day": "2026-07-09", "elapsed_seconds": 4218.995636100008}
{"phase": "kalman", "zone": "DE", "frequency": "h", "completed_days": 18, "total_days": 90, "day": "2026-07-05", "elapsed_seconds": 4221.6257279999845}
{"phase": "kalman", "zone": "BE", "frequency": "h", "completed_days": 23, "total_days": 90, "day": "2026-07-10", "elapsed_seconds": 4222.420767500007}
{"phase": "catboost", "zone": "NL", "frequency": "h", "completed_days": 264, "total_days": 264, "day": "2026-09-15", "elapsed_seconds": 4222.663276899984}
{"phase": "kalman", "zone": "DE", "frequency": "h", "completed_days": 19, "total_days": 90, "day": "2026-07-06", "elapsed_seconds": 4225.827974499989}
{"phase": "kalman", "zone": "NL", "frequency": "h", "completed_days": 1, "total_days": 90, "day": "2026-06-18", "elapsed_seconds": 4226.545644900005}
{"phase": "kalman", "zone": "BE", "frequency": "h", "completed_days": 24, "total_days": 90, "day": "2026-07-11", "elapsed_seconds": 4226.892672000016}
{"phase": "kalman", "zone": "DE", "frequency": "h", "completed_days": 20, "total_days": 90, "day": "2026-07-07", "elapsed_seconds": 4229.788025699992}
{"phase": "kalman", "zone": "NL", "frequency": "h", "completed_days": 2, "total_days": 90, "day": "2026-06-19", "elapsed_seconds": 4229.898153599992}
{"phase": "kalman", "zone": "BE", "frequency": "h", "completed_days": 25, "total_days": 90, "day": "2026-07-12", "elapsed_seconds": 4230.346064300014}
{"phase": "kalman", "zone": "NL", "frequency": "h", "completed_days": 3, "total_days": 90, "day": "2026-06-20", "elapsed_seconds": 4232.947964299994}
{"phase": "kalman", "zone": "DE", "frequency": "h", "completed_days": 21, "total_days": 90, "day": "2026-07-08", "elapsed_seconds": 4233.072520799993}
{"phase": "kalman", "zone": "BE", "frequency": "h", "completed_days": 26, "total_days": 90, "day": "2026-07-13", "elapsed_seconds": 4233.648988500005}
{"phase": "kalman", "zone": "NL", "frequency": "h", "completed_days": 4, "total_days": 90, "day": "2026-06-21", "elapsed_seconds": 4235.960594600008}
{"phase": "kalman", "zone": "DE", "frequency": "h", "completed_days": 22, "total_days": 90, "day": "2026-07-09", "elapsed_seconds": 4236.251996999985}
{"phase": "kalman", "zone": "BE", "frequency": "h", "completed_days": 27, "total_days": 90, "day": "2026-07-14", "elapsed_seconds": 4237.167916300008}
{"phase": "kalman", "zone": "NL", "frequency": "h", "completed_days": 5, "total_days": 90, "day": "2026-06-22", "elapsed_seconds": 4239.4514356}
{"phase": "kalman", "zone": "DE", "frequency": "h", "completed_days": 23, "total_days": 90, "day": "2026-07-10", "elapsed_seconds": 4239.982034799992}
{"phase": "catboost", "zone": "FR", "frequency": "h", "completed_days": 264, "total_days": 264, "day": "2026-09-15", "elapsed_seconds": 4240.463342500007}
{"phase": "kalman", "zone": "BE", "frequency": "h", "completed_days": 28, "total_days": 90, "day": "2026-07-15", "elapsed_seconds": 4240.890870700008}
{"phase": "kalman", "zone": "NL", "frequency": "h", "completed_days": 6, "total_days": 90, "day": "2026-06-23", "elapsed_seconds": 4242.990638399991}
{"phase": "kalman", "zone": "DE", "frequency": "h", "completed_days": 24, "total_days": 90, "day": "2026-07-11", "elapsed_seconds": 4243.686924499983}
{"phase": "kalman", "zone": "FR", "frequency": "h", "completed_days": 1, "total_days": 90, "day": "2026-06-18", "elapsed_seconds": 4243.861099500005}
{"phase": "kalman", "zone": "BE", "frequency": "h", "completed_days": 29, "total_days": 90, "day": "2026-07-16", "elapsed_seconds": 4244.538273200014}
{"phase": "kalman", "zone": "NL", "frequency": "h", "completed_days": 7, "total_days": 90, "day": "2026-06-24", "elapsed_seconds": 4246.174680099997}
{"phase": "kalman", "zone": "FR", "frequency": "h", "completed_days": 2, "total_days": 90, "day": "2026-06-19", "elapsed_seconds": 4246.9635328}
{"phase": "kalman", "zone": "DE", "frequency": "h", "completed_days": 25, "total_days": 90, "day": "2026-07-12", "elapsed_seconds": 4247.097558899986}
{"phase": "kalman", "zone": "BE", "frequency": "h", "completed_days": 30, "total_days": 90, "day": "2026-07-17", "elapsed_seconds": 4247.886163899995}
{"phase": "kalman", "zone": "NL", "frequency": "h", "completed_days": 8, "total_days": 90, "day": "2026-06-25", "elapsed_seconds": 4249.132849699992}
{"phase": "kalman", "zone": "FR", "frequency": "h", "completed_days": 3, "total_days": 90, "day": "2026-06-20", "elapsed_seconds": 4249.689258000028}
{"phase": "kalman", "zone": "DE", "frequency": "h", "completed_days": 26, "total_days": 90, "day": "2026-07-13", "elapsed_seconds": 4250.182503599994}
{"phase": "kalman", "zone": "BE", "frequency": "h", "completed_days": 31, "total_days": 90, "day": "2026-07-18", "elapsed_seconds": 4251.087002500019}
{"phase": "kalman", "zone": "NL", "frequency": "h", "completed_days": 9, "total_days": 90, "day": "2026-06-26", "elapsed_seconds": 4252.0517217000015}
{"phase": "kalman", "zone": "FR", "frequency": "h", "completed_days": 4, "total_days": 90, "day": "2026-06-21", "elapsed_seconds": 4252.400324000017}
{"phase": "kalman", "zone": "DE", "frequency": "h", "completed_days": 27, "total_days": 90, "day": "2026-07-14", "elapsed_seconds": 4253.133715000004}
{"phase": "kalman", "zone": "BE", "frequency": "h", "completed_days": 32, "total_days": 90, "day": "2026-07-19", "elapsed_seconds": 4254.0866025}
{"phase": "kalman", "zone": "NL", "frequency": "h", "completed_days": 10, "total_days": 90, "day": "2026-06-27", "elapsed_seconds": 4254.894434899994}
{"phase": "kalman", "zone": "FR", "frequency": "h", "completed_days": 5, "total_days": 90, "day": "2026-06-22", "elapsed_seconds": 4255.210885000008}
{"phase": "kalman", "zone": "DE", "frequency": "h", "completed_days": 28, "total_days": 90, "day": "2026-07-15", "elapsed_seconds": 4256.271169799991}
{"phase": "kalman", "zone": "BE", "frequency": "h", "completed_days": 33, "total_days": 90, "day": "2026-07-20", "elapsed_seconds": 4257.348968000006}
{"phase": "kalman", "zone": "NL", "frequency": "h", "completed_days": 11, "total_days": 90, "day": "2026-06-28", "elapsed_seconds": 4257.90811270001}
{"phase": "kalman", "zone": "FR", "frequency": "h", "completed_days": 6, "total_days": 90, "day": "2026-06-23", "elapsed_seconds": 4257.983187100006}
{"phase": "kalman", "zone": "DE", "frequency": "h", "completed_days": 29, "total_days": 90, "day": "2026-07-16", "elapsed_seconds": 4259.321853300004}
{"phase": "kalman", "zone": "BE", "frequency": "h", "completed_days": 34, "total_days": 90, "day": "2026-07-21", "elapsed_seconds": 4260.415990800015}
{"phase": "kalman", "zone": "FR", "frequency": "h", "completed_days": 7, "total_days": 90, "day": "2026-06-24", "elapsed_seconds": 4260.674457100016}
{"phase": "kalman", "zone": "NL", "frequency": "h", "completed_days": 12, "total_days": 90, "day": "2026-06-29", "elapsed_seconds": 4260.787119299988}
{"phase": "kalman", "zone": "DE", "frequency": "h", "completed_days": 30, "total_days": 90, "day": "2026-07-17", "elapsed_seconds": 4262.496871799987}
{"phase": "kalman", "zone": "FR", "frequency": "h", "completed_days": 8, "total_days": 90, "day": "2026-06-25", "elapsed_seconds": 4263.563446800021}
{"phase": "kalman", "zone": "BE", "frequency": "h", "completed_days": 35, "total_days": 90, "day": "2026-07-22", "elapsed_seconds": 4263.599127399997}
{"phase": "kalman", "zone": "NL", "frequency": "h", "completed_days": 13, "total_days": 90, "day": "2026-06-30", "elapsed_seconds": 4263.888315899996}
{"phase": "kalman", "zone": "DE", "frequency": "h", "completed_days": 31, "total_days": 90, "day": "2026-07-18", "elapsed_seconds": 4265.565761999984}
{"phase": "kalman", "zone": "FR", "frequency": "h", "completed_days": 9, "total_days": 90, "day": "2026-06-26", "elapsed_seconds": 4266.291769200005}
{"phase": "kalman", "zone": "BE", "frequency": "h", "completed_days": 36, "total_days": 90, "day": "2026-07-23", "elapsed_seconds": 4266.674616600008}
{"phase": "kalman", "zone": "NL", "frequency": "h", "completed_days": 14, "total_days": 90, "day": "2026-07-01", "elapsed_seconds": 4266.7715625999845}
{"phase": "kalman", "zone": "DE", "frequency": "h", "completed_days": 32, "total_days": 90, "day": "2026-07-19", "elapsed_seconds": 4268.668323899998}
{"phase": "kalman", "zone": "FR", "frequency": "h", "completed_days": 10, "total_days": 90, "day": "2026-06-27", "elapsed_seconds": 4269.148818700021}
{"phase": "kalman", "zone": "NL", "frequency": "h", "completed_days": 15, "total_days": 90, "day": "2026-07-02", "elapsed_seconds": 4269.743956399994}
{"phase": "kalman", "zone": "BE", "frequency": "h", "completed_days": 37, "total_days": 90, "day": "2026-07-24", "elapsed_seconds": 4269.921369599993}
{"phase": "kalman", "zone": "DE", "frequency": "h", "completed_days": 33, "total_days": 90, "day": "2026-07-20", "elapsed_seconds": 4271.820531899983}
{"phase": "kalman", "zone": "FR", "frequency": "h", "completed_days": 11, "total_days": 90, "day": "2026-06-28", "elapsed_seconds": 4272.037701500027}
{"phase": "kalman", "zone": "NL", "frequency": "h", "completed_days": 16, "total_days": 90, "day": "2026-07-03", "elapsed_seconds": 4272.724882200011}
{"phase": "kalman", "zone": "BE", "frequency": "h", "completed_days": 38, "total_days": 90, "day": "2026-07-25", "elapsed_seconds": 4273.160215600015}
{"phase": "kalman", "zone": "FR", "frequency": "h", "completed_days": 12, "total_days": 90, "day": "2026-06-29", "elapsed_seconds": 4274.841064500011}
{"phase": "kalman", "zone": "DE", "frequency": "h", "completed_days": 34, "total_days": 90, "day": "2026-07-21", "elapsed_seconds": 4274.945303399989}
{"phase": "kalman", "zone": "NL", "frequency": "h", "completed_days": 17, "total_days": 90, "day": "2026-07-04", "elapsed_seconds": 4275.779056600004}
{"phase": "kalman", "zone": "BE", "frequency": "h", "completed_days": 39, "total_days": 90, "day": "2026-07-26", "elapsed_seconds": 4276.3828043999965}
{"phase": "kalman", "zone": "FR", "frequency": "h", "completed_days": 13, "total_days": 90, "day": "2026-06-30", "elapsed_seconds": 4277.705657600018}
{"phase": "kalman", "zone": "DE", "frequency": "h", "completed_days": 35, "total_days": 90, "day": "2026-07-22", "elapsed_seconds": 4278.111697399989}
{"phase": "kalman", "zone": "NL", "frequency": "h", "completed_days": 18, "total_days": 90, "day": "2026-07-05", "elapsed_seconds": 4279.091802299983}
{"phase": "kalman", "zone": "BE", "frequency": "h", "completed_days": 40, "total_days": 90, "day": "2026-07-27", "elapsed_seconds": 4279.766067799996}
{"phase": "kalman", "zone": "FR", "frequency": "h", "completed_days": 14, "total_days": 90, "day": "2026-07-01", "elapsed_seconds": 4280.808235200006}
{"phase": "kalman", "zone": "DE", "frequency": "h", "completed_days": 36, "total_days": 90, "day": "2026-07-23", "elapsed_seconds": 4281.466690200003}
{"phase": "kalman", "zone": "NL", "frequency": "h", "completed_days": 19, "total_days": 90, "day": "2026-07-06", "elapsed_seconds": 4282.097487699997}
{"phase": "kalman", "zone": "BE", "frequency": "h", "completed_days": 41, "total_days": 90, "day": "2026-07-28", "elapsed_seconds": 4283.192758799996}
{"phase": "kalman", "zone": "FR", "frequency": "h", "completed_days": 15, "total_days": 90, "day": "2026-07-02", "elapsed_seconds": 4283.919055900013}
{"phase": "kalman", "zone": "DE", "frequency": "h", "completed_days": 37, "total_days": 90, "day": "2026-07-24", "elapsed_seconds": 4285.038561099995}
{"phase": "kalman", "zone": "NL", "frequency": "h", "completed_days": 20, "total_days": 90, "day": "2026-07-07", "elapsed_seconds": 4285.516320499999}
{"phase": "kalman", "zone": "BE", "frequency": "h", "completed_days": 42, "total_days": 90, "day": "2026-07-29", "elapsed_seconds": 4286.827190100012}
{"phase": "kalman", "zone": "FR", "frequency": "h", "completed_days": 16, "total_days": 90, "day": "2026-07-03", "elapsed_seconds": 4286.982910600025}
{"phase": "kalman", "zone": "DE", "frequency": "h", "completed_days": 38, "total_days": 90, "day": "2026-07-25", "elapsed_seconds": 4288.563458499993}
{"phase": "kalman", "zone": "NL", "frequency": "h", "completed_days": 21, "total_days": 90, "day": "2026-07-08", "elapsed_seconds": 4288.679909700004}
{"phase": "kalman", "zone": "FR", "frequency": "h", "completed_days": 17, "total_days": 90, "day": "2026-07-04", "elapsed_seconds": 4289.97575730001}
{"phase": "kalman", "zone": "BE", "frequency": "h", "completed_days": 43, "total_days": 90, "day": "2026-07-30", "elapsed_seconds": 4290.2693745}
{"phase": "kalman", "zone": "DE", "frequency": "h", "completed_days": 39, "total_days": 90, "day": "2026-07-26", "elapsed_seconds": 4291.839559199987}
{"phase": "kalman", "zone": "NL", "frequency": "h", "completed_days": 22, "total_days": 90, "day": "2026-07-09", "elapsed_seconds": 4291.847988299996}
{"phase": "kalman", "zone": "FR", "frequency": "h", "completed_days": 18, "total_days": 90, "day": "2026-07-05", "elapsed_seconds": 4292.995676500024}
{"phase": "kalman", "zone": "BE", "frequency": "h", "completed_days": 44, "total_days": 90, "day": "2026-07-31", "elapsed_seconds": 4293.570352600014}
{"phase": "kalman", "zone": "NL", "frequency": "h", "completed_days": 23, "total_days": 90, "day": "2026-07-10", "elapsed_seconds": 4294.920733899984}
{"phase": "kalman", "zone": "DE", "frequency": "h", "completed_days": 40, "total_days": 90, "day": "2026-07-27", "elapsed_seconds": 4295.0838847999985}
{"phase": "kalman", "zone": "FR", "frequency": "h", "completed_days": 19, "total_days": 90, "day": "2026-07-06", "elapsed_seconds": 4296.084231800021}
{"phase": "kalman", "zone": "BE", "frequency": "h", "completed_days": 45, "total_days": 90, "day": "2026-08-01", "elapsed_seconds": 4296.886952000001}
{"phase": "kalman", "zone": "NL", "frequency": "h", "completed_days": 24, "total_days": 90, "day": "2026-07-11", "elapsed_seconds": 4298.059061799984}
{"phase": "kalman", "zone": "DE", "frequency": "h", "completed_days": 41, "total_days": 90, "day": "2026-07-28", "elapsed_seconds": 4298.386700000003}
{"phase": "kalman", "zone": "FR", "frequency": "h", "completed_days": 20, "total_days": 90, "day": "2026-07-07", "elapsed_seconds": 4298.997637200024}
{"phase": "kalman", "zone": "BE", "frequency": "h", "completed_days": 46, "total_days": 90, "day": "2026-08-02", "elapsed_seconds": 4300.096394699998}
{"phase": "kalman", "zone": "NL", "frequency": "h", "completed_days": 25, "total_days": 90, "day": "2026-07-12", "elapsed_seconds": 4301.000858199986}
{"phase": "kalman", "zone": "DE", "frequency": "h", "completed_days": 42, "total_days": 90, "day": "2026-07-29", "elapsed_seconds": 4301.537601699994}
{"phase": "kalman", "zone": "FR", "frequency": "h", "completed_days": 21, "total_days": 90, "day": "2026-07-08", "elapsed_seconds": 4301.878930800012}
{"phase": "kalman", "zone": "BE", "frequency": "h", "completed_days": 47, "total_days": 90, "day": "2026-08-03", "elapsed_seconds": 4303.479475300002}
{"phase": "kalman", "zone": "NL", "frequency": "h", "completed_days": 26, "total_days": 90, "day": "2026-07-13", "elapsed_seconds": 4304.205761399993}
{"phase": "kalman", "zone": "DE", "frequency": "h", "completed_days": 43, "total_days": 90, "day": "2026-07-30", "elapsed_seconds": 4304.882078800001}
{"phase": "kalman", "zone": "FR", "frequency": "h", "completed_days": 22, "total_days": 90, "day": "2026-07-09", "elapsed_seconds": 4304.921693900018}
{"phase": "kalman", "zone": "BE", "frequency": "h", "completed_days": 48, "total_days": 90, "day": "2026-08-04", "elapsed_seconds": 4306.821163699991}
{"phase": "kalman", "zone": "NL", "frequency": "h", "completed_days": 27, "total_days": 90, "day": "2026-07-14", "elapsed_seconds": 4307.318339099991}
{"phase": "kalman", "zone": "FR", "frequency": "h", "completed_days": 23, "total_days": 90, "day": "2026-07-10", "elapsed_seconds": 4307.795602700004}
{"phase": "kalman", "zone": "DE", "frequency": "h", "completed_days": 44, "total_days": 90, "day": "2026-07-31", "elapsed_seconds": 4308.0842978}
{"phase": "kalman", "zone": "BE", "frequency": "h", "completed_days": 49, "total_days": 90, "day": "2026-08-05", "elapsed_seconds": 4310.2083641999925}
{"phase": "kalman", "zone": "NL", "frequency": "h", "completed_days": 28, "total_days": 90, "day": "2026-07-15", "elapsed_seconds": 4310.491720299993}
{"phase": "kalman", "zone": "FR", "frequency": "h", "completed_days": 24, "total_days": 90, "day": "2026-07-11", "elapsed_seconds": 4310.8652688}
{"phase": "kalman", "zone": "DE", "frequency": "h", "completed_days": 45, "total_days": 90, "day": "2026-08-01", "elapsed_seconds": 4311.450965900003}
{"phase": "kalman", "zone": "BE", "frequency": "h", "completed_days": 50, "total_days": 90, "day": "2026-08-06", "elapsed_seconds": 4313.548545099999}
{"phase": "kalman", "zone": "NL", "frequency": "h", "completed_days": 29, "total_days": 90, "day": "2026-07-16", "elapsed_seconds": 4313.591083200008}
{"phase": "kalman", "zone": "FR", "frequency": "h", "completed_days": 25, "total_days": 90, "day": "2026-07-12", "elapsed_seconds": 4313.799878100021}
{"phase": "kalman", "zone": "DE", "frequency": "h", "completed_days": 46, "total_days": 90, "day": "2026-08-02", "elapsed_seconds": 4314.747682099987}
{"phase": "kalman", "zone": "NL", "frequency": "h", "completed_days": 30, "total_days": 90, "day": "2026-07-17", "elapsed_seconds": 4316.78071240001}
{"phase": "kalman", "zone": "FR", "frequency": "h", "completed_days": 26, "total_days": 90, "day": "2026-07-13", "elapsed_seconds": 4316.828344600013}
{"phase": "kalman", "zone": "BE", "frequency": "h", "completed_days": 51, "total_days": 90, "day": "2026-08-07", "elapsed_seconds": 4316.880030900007}
{"phase": "kalman", "zone": "DE", "frequency": "h", "completed_days": 47, "total_days": 90, "day": "2026-08-03", "elapsed_seconds": 4318.008853599982}
{"phase": "kalman", "zone": "FR", "frequency": "h", "completed_days": 27, "total_days": 90, "day": "2026-07-14", "elapsed_seconds": 4319.915243400028}
{"phase": "kalman", "zone": "NL", "frequency": "h", "completed_days": 31, "total_days": 90, "day": "2026-07-18", "elapsed_seconds": 4320.035924600001}
{"phase": "kalman", "zone": "BE", "frequency": "h", "completed_days": 52, "total_days": 90, "day": "2026-08-08", "elapsed_seconds": 4320.309467899991}
{"phase": "kalman", "zone": "DE", "frequency": "h", "completed_days": 48, "total_days": 90, "day": "2026-08-04", "elapsed_seconds": 4321.371305699984}
{"phase": "kalman", "zone": "FR", "frequency": "h", "completed_days": 28, "total_days": 90, "day": "2026-07-15", "elapsed_seconds": 4322.876898100018}
{"phase": "kalman", "zone": "NL", "frequency": "h", "completed_days": 32, "total_days": 90, "day": "2026-07-19", "elapsed_seconds": 4323.1077864999825}
{"phase": "kalman", "zone": "BE", "frequency": "h", "completed_days": 53, "total_days": 90, "day": "2026-08-09", "elapsed_seconds": 4323.676905900007}
{"phase": "kalman", "zone": "DE", "frequency": "h", "completed_days": 49, "total_days": 90, "day": "2026-08-05", "elapsed_seconds": 4324.767712400004}
{"phase": "kalman", "zone": "FR", "frequency": "h", "completed_days": 29, "total_days": 90, "day": "2026-07-16", "elapsed_seconds": 4326.054940500006}
{"phase": "kalman", "zone": "NL", "frequency": "h", "completed_days": 33, "total_days": 90, "day": "2026-07-20", "elapsed_seconds": 4326.337703199999}
{"phase": "kalman", "zone": "BE", "frequency": "h", "completed_days": 54, "total_days": 90, "day": "2026-08-10", "elapsed_seconds": 4327.085292000003}
{"phase": "kalman", "zone": "DE", "frequency": "h", "completed_days": 50, "total_days": 90, "day": "2026-08-06", "elapsed_seconds": 4328.211594799999}
{"phase": "kalman", "zone": "FR", "frequency": "h", "completed_days": 30, "total_days": 90, "day": "2026-07-17", "elapsed_seconds": 4329.236637900001}
{"phase": "kalman", "zone": "NL", "frequency": "h", "completed_days": 34, "total_days": 90, "day": "2026-07-21", "elapsed_seconds": 4329.67441810001}
{"phase": "kalman", "zone": "BE", "frequency": "h", "completed_days": 55, "total_days": 90, "day": "2026-08-11", "elapsed_seconds": 4330.569783799991}
{"phase": "kalman", "zone": "DE", "frequency": "h", "completed_days": 51, "total_days": 90, "day": "2026-08-07", "elapsed_seconds": 4331.517808100005}
{"phase": "kalman", "zone": "FR", "frequency": "h", "completed_days": 31, "total_days": 90, "day": "2026-07-18", "elapsed_seconds": 4332.216179800016}
{"phase": "kalman", "zone": "NL", "frequency": "h", "completed_days": 35, "total_days": 90, "day": "2026-07-22", "elapsed_seconds": 4332.813734399999}
{"phase": "kalman", "zone": "BE", "frequency": "h", "completed_days": 56, "total_days": 90, "day": "2026-08-12", "elapsed_seconds": 4334.052450200019}
{"phase": "kalman", "zone": "DE", "frequency": "h", "completed_days": 52, "total_days": 90, "day": "2026-08-08", "elapsed_seconds": 4335.305697899981}
{"phase": "kalman", "zone": "FR", "frequency": "h", "completed_days": 32, "total_days": 90, "day": "2026-07-19", "elapsed_seconds": 4335.4955160000245}
{"phase": "kalman", "zone": "NL", "frequency": "h", "completed_days": 36, "total_days": 90, "day": "2026-07-23", "elapsed_seconds": 4336.3316548999865}
{"phase": "kalman", "zone": "BE", "frequency": "h", "completed_days": 57, "total_days": 90, "day": "2026-08-13", "elapsed_seconds": 4337.761629200017}
{"phase": "kalman", "zone": "FR", "frequency": "h", "completed_days": 33, "total_days": 90, "day": "2026-07-20", "elapsed_seconds": 4338.4925084999995}
{"phase": "kalman", "zone": "DE", "frequency": "h", "completed_days": 53, "total_days": 90, "day": "2026-08-09", "elapsed_seconds": 4338.700692899991}
{"phase": "kalman", "zone": "NL", "frequency": "h", "completed_days": 37, "total_days": 90, "day": "2026-07-24", "elapsed_seconds": 4339.5355616000015}
{"phase": "kalman", "zone": "BE", "frequency": "h", "completed_days": 58, "total_days": 90, "day": "2026-08-14", "elapsed_seconds": 4341.144458199997}
{"phase": "kalman", "zone": "FR", "frequency": "h", "completed_days": 34, "total_days": 90, "day": "2026-07-21", "elapsed_seconds": 4341.664505600027}
{"phase": "kalman", "zone": "DE", "frequency": "h", "completed_days": 54, "total_days": 90, "day": "2026-08-10", "elapsed_seconds": 4342.185279099998}
{"phase": "kalman", "zone": "NL", "frequency": "h", "completed_days": 38, "total_days": 90, "day": "2026-07-25", "elapsed_seconds": 4342.884935299982}
{"phase": "kalman", "zone": "BE", "frequency": "h", "completed_days": 59, "total_days": 90, "day": "2026-08-15", "elapsed_seconds": 4344.841488500009}
{"phase": "kalman", "zone": "FR", "frequency": "h", "completed_days": 35, "total_days": 90, "day": "2026-07-22", "elapsed_seconds": 4345.245121800021}
{"phase": "kalman", "zone": "DE", "frequency": "h", "completed_days": 55, "total_days": 90, "day": "2026-08-11", "elapsed_seconds": 4345.868451099988}
{"phase": "kalman", "zone": "NL", "frequency": "h", "completed_days": 39, "total_days": 90, "day": "2026-07-26", "elapsed_seconds": 4346.720344100002}
{"phase": "kalman", "zone": "BE", "frequency": "h", "completed_days": 60, "total_days": 90, "day": "2026-08-16", "elapsed_seconds": 4348.910127500014}
{"phase": "kalman", "zone": "FR", "frequency": "h", "completed_days": 36, "total_days": 90, "day": "2026-07-23", "elapsed_seconds": 4349.0191263000015}
{"phase": "kalman", "zone": "DE", "frequency": "h", "completed_days": 56, "total_days": 90, "day": "2026-08-12", "elapsed_seconds": 4349.896125600004}
{"phase": "kalman", "zone": "NL", "frequency": "h", "completed_days": 40, "total_days": 90, "day": "2026-07-27", "elapsed_seconds": 4350.646897900006}
{"phase": "kalman", "zone": "FR", "frequency": "h", "completed_days": 37, "total_days": 90, "day": "2026-07-24", "elapsed_seconds": 4352.481170000014}
{"phase": "kalman", "zone": "BE", "frequency": "h", "completed_days": 61, "total_days": 90, "day": "2026-08-17", "elapsed_seconds": 4352.754373000003}
{"phase": "kalman", "zone": "DE", "frequency": "h", "completed_days": 57, "total_days": 90, "day": "2026-08-13", "elapsed_seconds": 4353.811131299997}
{"phase": "kalman", "zone": "NL", "frequency": "h", "completed_days": 41, "total_days": 90, "day": "2026-07-28", "elapsed_seconds": 4354.790123899991}
{"phase": "kalman", "zone": "FR", "frequency": "h", "completed_days": 38, "total_days": 90, "day": "2026-07-25", "elapsed_seconds": 4357.320407000021}
{"phase": "kalman", "zone": "BE", "frequency": "h", "completed_days": 62, "total_days": 90, "day": "2026-08-18", "elapsed_seconds": 4357.99259519999}
{"phase": "kalman", "zone": "DE", "frequency": "h", "completed_days": 58, "total_days": 90, "day": "2026-08-14", "elapsed_seconds": 4358.761961299984}
{"phase": "kalman", "zone": "NL", "frequency": "h", "completed_days": 42, "total_days": 90, "day": "2026-07-29", "elapsed_seconds": 4359.353613999992}
{"phase": "kalman", "zone": "FR", "frequency": "h", "completed_days": 39, "total_days": 90, "day": "2026-07-26", "elapsed_seconds": 4361.421121800027}
{"phase": "kalman", "zone": "BE", "frequency": "h", "completed_days": 63, "total_days": 90, "day": "2026-08-19", "elapsed_seconds": 4362.473579999991}
{"phase": "kalman", "zone": "DE", "frequency": "h", "completed_days": 59, "total_days": 90, "day": "2026-08-15", "elapsed_seconds": 4363.136880199978}
{"phase": "kalman", "zone": "NL", "frequency": "h", "completed_days": 43, "total_days": 90, "day": "2026-07-30", "elapsed_seconds": 4363.4917479}
{"phase": "kalman", "zone": "FR", "frequency": "h", "completed_days": 40, "total_days": 90, "day": "2026-07-27", "elapsed_seconds": 4365.0834493}
{"phase": "kalman", "zone": "BE", "frequency": "h", "completed_days": 64, "total_days": 90, "day": "2026-08-20", "elapsed_seconds": 4366.332694200013}
{"phase": "kalman", "zone": "DE", "frequency": "h", "completed_days": 60, "total_days": 90, "day": "2026-08-16", "elapsed_seconds": 4367.113687000005}
{"phase": "kalman", "zone": "NL", "frequency": "h", "completed_days": 44, "total_days": 90, "day": "2026-07-31", "elapsed_seconds": 4367.242191199999}
{"phase": "kalman", "zone": "FR", "frequency": "h", "completed_days": 41, "total_days": 90, "day": "2026-07-28", "elapsed_seconds": 4369.064094900008}
{"phase": "kalman", "zone": "BE", "frequency": "h", "completed_days": 65, "total_days": 90, "day": "2026-08-21", "elapsed_seconds": 4370.619395200018}
{"phase": "kalman", "zone": "NL", "frequency": "h", "completed_days": 45, "total_days": 90, "day": "2026-08-01", "elapsed_seconds": 4371.272318300005}
{"phase": "kalman", "zone": "DE", "frequency": "h", "completed_days": 61, "total_days": 90, "day": "2026-08-17", "elapsed_seconds": 4371.4002754999965}
{"phase": "kalman", "zone": "FR", "frequency": "h", "completed_days": 42, "total_days": 90, "day": "2026-07-29", "elapsed_seconds": 4372.807522800023}
{"phase": "kalman", "zone": "BE", "frequency": "h", "completed_days": 66, "total_days": 90, "day": "2026-08-22", "elapsed_seconds": 4374.8086091000005}
{"phase": "kalman", "zone": "NL", "frequency": "h", "completed_days": 46, "total_days": 90, "day": "2026-08-02", "elapsed_seconds": 4375.154098900006}
{"phase": "kalman", "zone": "DE", "frequency": "h", "completed_days": 62, "total_days": 90, "day": "2026-08-18", "elapsed_seconds": 4375.463739500003}
{"phase": "kalman", "zone": "FR", "frequency": "h", "completed_days": 43, "total_days": 90, "day": "2026-07-30", "elapsed_seconds": 4376.826793600019}
{"phase": "kalman", "zone": "BE", "frequency": "h", "completed_days": 67, "total_days": 90, "day": "2026-08-23", "elapsed_seconds": 4380.909761499992}
{"phase": "kalman", "zone": "NL", "frequency": "h", "completed_days": 47, "total_days": 90, "day": "2026-08-03", "elapsed_seconds": 4381.0296212999965}
{"phase": "kalman", "zone": "DE", "frequency": "h", "completed_days": 63, "total_days": 90, "day": "2026-08-19", "elapsed_seconds": 4381.871769499994}
{"phase": "kalman", "zone": "FR", "frequency": "h", "completed_days": 44, "total_days": 90, "day": "2026-07-31", "elapsed_seconds": 4383.1473182000045}
{"phase": "kalman", "zone": "NL", "frequency": "h", "completed_days": 48, "total_days": 90, "day": "2026-08-04", "elapsed_seconds": 4386.10811500001}
{"phase": "kalman", "zone": "BE", "frequency": "h", "completed_days": 68, "total_days": 90, "day": "2026-08-24", "elapsed_seconds": 4386.255571999995}
{"phase": "kalman", "zone": "DE", "frequency": "h", "completed_days": 64, "total_days": 90, "day": "2026-08-20", "elapsed_seconds": 4386.812400099996}
{"phase": "kalman", "zone": "FR", "frequency": "h", "completed_days": 45, "total_days": 90, "day": "2026-08-01", "elapsed_seconds": 4387.315278300026}
{"phase": "kalman", "zone": "NL", "frequency": "h", "completed_days": 49, "total_days": 90, "day": "2026-08-05", "elapsed_seconds": 4391.247431199998}
{"phase": "kalman", "zone": "BE", "frequency": "h", "completed_days": 69, "total_days": 90, "day": "2026-08-25", "elapsed_seconds": 4391.686536499998}
{"phase": "kalman", "zone": "DE", "frequency": "h", "completed_days": 65, "total_days": 90, "day": "2026-08-21", "elapsed_seconds": 4392.146779000002}
{"phase": "kalman", "zone": "FR", "frequency": "h", "completed_days": 46, "total_days": 90, "day": "2026-08-02", "elapsed_seconds": 4392.469785699999}
{"phase": "kalman", "zone": "NL", "frequency": "h", "completed_days": 50, "total_days": 90, "day": "2026-08-06", "elapsed_seconds": 4396.36107069999}
{"phase": "kalman", "zone": "BE", "frequency": "h", "completed_days": 70, "total_days": 90, "day": "2026-08-26", "elapsed_seconds": 4396.866695200006}
{"phase": "kalman", "zone": "FR", "frequency": "h", "completed_days": 47, "total_days": 90, "day": "2026-08-03", "elapsed_seconds": 4397.148815799999}
{"phase": "kalman", "zone": "DE", "frequency": "h", "completed_days": 66, "total_days": 90, "day": "2026-08-22", "elapsed_seconds": 4397.383963}
{"phase": "kalman", "zone": "NL", "frequency": "h", "completed_days": 51, "total_days": 90, "day": "2026-08-07", "elapsed_seconds": 4400.6695475000015}
{"phase": "kalman", "zone": "FR", "frequency": "h", "completed_days": 48, "total_days": 90, "day": "2026-08-04", "elapsed_seconds": 4401.207884600008}
{"phase": "kalman", "zone": "BE", "frequency": "h", "completed_days": 71, "total_days": 90, "day": "2026-08-27", "elapsed_seconds": 4401.470792800013}
{"phase": "kalman", "zone": "DE", "frequency": "h", "completed_days": 67, "total_days": 90, "day": "2026-08-23", "elapsed_seconds": 4401.746991599997}
{"phase": "kalman", "zone": "NL", "frequency": "h", "completed_days": 52, "total_days": 90, "day": "2026-08-08", "elapsed_seconds": 4405.4767715999915}
{"phase": "kalman", "zone": "FR", "frequency": "h", "completed_days": 49, "total_days": 90, "day": "2026-08-05", "elapsed_seconds": 4405.8885433000105}
{"phase": "kalman", "zone": "BE", "frequency": "h", "completed_days": 72, "total_days": 90, "day": "2026-08-28", "elapsed_seconds": 4406.567706500005}
{"phase": "kalman", "zone": "DE", "frequency": "h", "completed_days": 68, "total_days": 90, "day": "2026-08-24", "elapsed_seconds": 4406.789146199997}
{"phase": "kalman", "zone": "NL", "frequency": "h", "completed_days": 53, "total_days": 90, "day": "2026-08-09", "elapsed_seconds": 4412.588826799998}
{"phase": "kalman", "zone": "FR", "frequency": "h", "completed_days": 50, "total_days": 90, "day": "2026-08-06", "elapsed_seconds": 4413.414046800026}
{"phase": "kalman", "zone": "BE", "frequency": "h", "completed_days": 73, "total_days": 90, "day": "2026-08-29", "elapsed_seconds": 4415.454723800009}
{"phase": "kalman", "zone": "DE", "frequency": "h", "completed_days": 69, "total_days": 90, "day": "2026-08-25", "elapsed_seconds": 4415.8508863000025}
{"phase": "kalman", "zone": "NL", "frequency": "h", "completed_days": 54, "total_days": 90, "day": "2026-08-10", "elapsed_seconds": 4421.8423066000105}
{"phase": "kalman", "zone": "FR", "frequency": "h", "completed_days": 51, "total_days": 90, "day": "2026-08-07", "elapsed_seconds": 4422.3419808000035}
{"phase": "kalman", "zone": "BE", "frequency": "h", "completed_days": 74, "total_days": 90, "day": "2026-08-30", "elapsed_seconds": 4425.064992400003}
{"phase": "kalman", "zone": "DE", "frequency": "h", "completed_days": 70, "total_days": 90, "day": "2026-08-26", "elapsed_seconds": 4425.163905900001}
{"phase": "kalman", "zone": "NL", "frequency": "h", "completed_days": 55, "total_days": 90, "day": "2026-08-11", "elapsed_seconds": 4431.247536899988}
{"phase": "kalman", "zone": "FR", "frequency": "h", "completed_days": 52, "total_days": 90, "day": "2026-08-08", "elapsed_seconds": 4431.62016380002}
{"phase": "kalman", "zone": "DE", "frequency": "h", "completed_days": 71, "total_days": 90, "day": "2026-08-27", "elapsed_seconds": 4435.249105700001}
{"phase": "kalman", "zone": "BE", "frequency": "h", "completed_days": 75, "total_days": 90, "day": "2026-08-31", "elapsed_seconds": 4435.332556700014}
{"phase": "kalman", "zone": "NL", "frequency": "h", "completed_days": 56, "total_days": 90, "day": "2026-08-12", "elapsed_seconds": 4440.346786599985}
{"phase": "kalman", "zone": "FR", "frequency": "h", "completed_days": 53, "total_days": 90, "day": "2026-08-09", "elapsed_seconds": 4440.669517400005}
{"phase": "kalman", "zone": "DE", "frequency": "h", "completed_days": 72, "total_days": 90, "day": "2026-08-28", "elapsed_seconds": 4445.085488599987}
{"phase": "kalman", "zone": "BE", "frequency": "h", "completed_days": 76, "total_days": 90, "day": "2026-09-01", "elapsed_seconds": 4445.215320100018}
{"phase": "kalman", "zone": "NL", "frequency": "h", "completed_days": 57, "total_days": 90, "day": "2026-08-13", "elapsed_seconds": 4450.142939799989}
{"phase": "kalman", "zone": "FR", "frequency": "h", "completed_days": 54, "total_days": 90, "day": "2026-08-10", "elapsed_seconds": 4450.341490700026}
{"phase": "kalman", "zone": "DE", "frequency": "h", "completed_days": 73, "total_days": 90, "day": "2026-08-29", "elapsed_seconds": 4455.278218099993}
{"phase": "kalman", "zone": "BE", "frequency": "h", "completed_days": 77, "total_days": 90, "day": "2026-09-02", "elapsed_seconds": 4455.5989558}
{"phase": "kalman", "zone": "FR", "frequency": "h", "completed_days": 55, "total_days": 90, "day": "2026-08-11", "elapsed_seconds": 4459.567465700005}
{"phase": "kalman", "zone": "NL", "frequency": "h", "completed_days": 58, "total_days": 90, "day": "2026-08-14", "elapsed_seconds": 4459.560034599999}
{"phase": "kalman", "zone": "DE", "frequency": "h", "completed_days": 74, "total_days": 90, "day": "2026-08-30", "elapsed_seconds": 4465.391548799991}
{"phase": "kalman", "zone": "BE", "frequency": "h", "completed_days": 78, "total_days": 90, "day": "2026-09-03", "elapsed_seconds": 4465.952504699992}
{"phase": "kalman", "zone": "FR", "frequency": "h", "completed_days": 56, "total_days": 90, "day": "2026-08-12", "elapsed_seconds": 4469.582073500002}
{"phase": "kalman", "zone": "NL", "frequency": "h", "completed_days": 59, "total_days": 90, "day": "2026-08-15", "elapsed_seconds": 4469.785044499993}
{"phase": "kalman", "zone": "DE", "frequency": "h", "completed_days": 75, "total_days": 90, "day": "2026-08-31", "elapsed_seconds": 4476.915297600004}
{"phase": "kalman", "zone": "BE", "frequency": "h", "completed_days": 79, "total_days": 90, "day": "2026-09-04", "elapsed_seconds": 4478.059934899997}
{"phase": "kalman", "zone": "FR", "frequency": "h", "completed_days": 57, "total_days": 90, "day": "2026-08-13", "elapsed_seconds": 4480.419944900001}
{"phase": "kalman", "zone": "NL", "frequency": "h", "completed_days": 60, "total_days": 90, "day": "2026-08-16", "elapsed_seconds": 4480.755230799987}
{"phase": "kalman", "zone": "DE", "frequency": "h", "completed_days": 76, "total_days": 90, "day": "2026-09-01", "elapsed_seconds": 4487.18686669998}
{"phase": "kalman", "zone": "BE", "frequency": "h", "completed_days": 80, "total_days": 90, "day": "2026-09-05", "elapsed_seconds": 4488.107319300005}
{"phase": "kalman", "zone": "FR", "frequency": "h", "completed_days": 58, "total_days": 90, "day": "2026-08-14", "elapsed_seconds": 4489.482096400025}
{"phase": "kalman", "zone": "NL", "frequency": "h", "completed_days": 61, "total_days": 90, "day": "2026-08-17", "elapsed_seconds": 4490.064789099997}
{"phase": "kalman", "zone": "DE", "frequency": "h", "completed_days": 77, "total_days": 90, "day": "2026-09-02", "elapsed_seconds": 4497.079705899989}
{"phase": "kalman", "zone": "BE", "frequency": "h", "completed_days": 81, "total_days": 90, "day": "2026-09-06", "elapsed_seconds": 4498.172049500019}
{"phase": "kalman", "zone": "FR", "frequency": "h", "completed_days": 59, "total_days": 90, "day": "2026-08-15", "elapsed_seconds": 4498.758565000026}
{"phase": "kalman", "zone": "NL", "frequency": "h", "completed_days": 62, "total_days": 90, "day": "2026-08-18", "elapsed_seconds": 4499.609072799998}
{"phase": "kalman", "zone": "DE", "frequency": "h", "completed_days": 78, "total_days": 90, "day": "2026-09-03", "elapsed_seconds": 4506.843275899999}
{"phase": "kalman", "zone": "FR", "frequency": "h", "completed_days": 60, "total_days": 90, "day": "2026-08-16", "elapsed_seconds": 4507.707833400025}
{"phase": "kalman", "zone": "BE", "frequency": "h", "completed_days": 82, "total_days": 90, "day": "2026-09-07", "elapsed_seconds": 4507.986873699992}
{"phase": "kalman", "zone": "NL", "frequency": "h", "completed_days": 63, "total_days": 90, "day": "2026-08-19", "elapsed_seconds": 4508.811614100006}
{"phase": "kalman", "zone": "DE", "frequency": "h", "completed_days": 79, "total_days": 90, "day": "2026-09-04", "elapsed_seconds": 4516.529360899993}
{"phase": "kalman", "zone": "FR", "frequency": "h", "completed_days": 61, "total_days": 90, "day": "2026-08-17", "elapsed_seconds": 4516.708393700013}
{"phase": "kalman", "zone": "BE", "frequency": "h", "completed_days": 83, "total_days": 90, "day": "2026-09-08", "elapsed_seconds": 4517.62047590001}
{"phase": "kalman", "zone": "NL", "frequency": "h", "completed_days": 64, "total_days": 90, "day": "2026-08-20", "elapsed_seconds": 4518.073497600009}
{"phase": "kalman", "zone": "FR", "frequency": "h", "completed_days": 62, "total_days": 90, "day": "2026-08-18", "elapsed_seconds": 4525.107947200013}
{"phase": "kalman", "zone": "DE", "frequency": "h", "completed_days": 80, "total_days": 90, "day": "2026-09-05", "elapsed_seconds": 4525.651008399989}
{"phase": "kalman", "zone": "NL", "frequency": "h", "completed_days": 65, "total_days": 90, "day": "2026-08-21", "elapsed_seconds": 4526.659414199996}
{"phase": "kalman", "zone": "BE", "frequency": "h", "completed_days": 84, "total_days": 90, "day": "2026-09-09", "elapsed_seconds": 4526.750997499999}
{"phase": "kalman", "zone": "FR", "frequency": "h", "completed_days": 63, "total_days": 90, "day": "2026-08-19", "elapsed_seconds": 4532.493849200022}
{"phase": "kalman", "zone": "DE", "frequency": "h", "completed_days": 81, "total_days": 90, "day": "2026-09-06", "elapsed_seconds": 4533.020201099978}
{"phase": "kalman", "zone": "NL", "frequency": "h", "completed_days": 66, "total_days": 90, "day": "2026-08-22", "elapsed_seconds": 4533.275248599995}
{"phase": "kalman", "zone": "BE", "frequency": "h", "completed_days": 85, "total_days": 90, "day": "2026-09-10", "elapsed_seconds": 4533.562742500013}
{"phase": "kalman", "zone": "FR", "frequency": "h", "completed_days": 64, "total_days": 90, "day": "2026-08-20", "elapsed_seconds": 4535.8634913999995}
{"phase": "kalman", "zone": "DE", "frequency": "h", "completed_days": 82, "total_days": 90, "day": "2026-09-07", "elapsed_seconds": 4536.578963499982}
{"phase": "kalman", "zone": "NL", "frequency": "h", "completed_days": 67, "total_days": 90, "day": "2026-08-23", "elapsed_seconds": 4536.827721399983}
{"phase": "kalman", "zone": "BE", "frequency": "h", "completed_days": 86, "total_days": 90, "day": "2026-09-11", "elapsed_seconds": 4537.386548200011}
{"phase": "kalman", "zone": "FR", "frequency": "h", "completed_days": 65, "total_days": 90, "day": "2026-08-21", "elapsed_seconds": 4539.368843000004}
{"phase": "kalman", "zone": "DE", "frequency": "h", "completed_days": 83, "total_days": 90, "day": "2026-09-08", "elapsed_seconds": 4540.201164800004}
{"phase": "kalman", "zone": "NL", "frequency": "h", "completed_days": 68, "total_days": 90, "day": "2026-08-24", "elapsed_seconds": 4540.260643699992}
{"phase": "kalman", "zone": "BE", "frequency": "h", "completed_days": 87, "total_days": 90, "day": "2026-09-12", "elapsed_seconds": 4541.036682300008}
{"phase": "kalman", "zone": "FR", "frequency": "h", "completed_days": 66, "total_days": 90, "day": "2026-08-22", "elapsed_seconds": 4542.8585413000255}
{"phase": "kalman", "zone": "NL", "frequency": "h", "completed_days": 69, "total_days": 90, "day": "2026-08-25", "elapsed_seconds": 4544.023267299985}
{"phase": "kalman", "zone": "DE", "frequency": "h", "completed_days": 84, "total_days": 90, "day": "2026-09-09", "elapsed_seconds": 4544.269060299994}
{"phase": "kalman", "zone": "BE", "frequency": "h", "completed_days": 88, "total_days": 90, "day": "2026-09-13", "elapsed_seconds": 4545.068697600014}
{"phase": "kalman", "zone": "FR", "frequency": "h", "completed_days": 67, "total_days": 90, "day": "2026-08-23", "elapsed_seconds": 4547.303027600021}
{"phase": "kalman", "zone": "NL", "frequency": "h", "completed_days": 70, "total_days": 90, "day": "2026-08-26", "elapsed_seconds": 4548.1784389000095}
{"phase": "kalman", "zone": "DE", "frequency": "h", "completed_days": 85, "total_days": 90, "day": "2026-09-10", "elapsed_seconds": 4548.568650200003}
{"phase": "kalman", "zone": "BE", "frequency": "h", "completed_days": 89, "total_days": 90, "day": "2026-09-14", "elapsed_seconds": 4549.470965699991}
{"phase": "kalman", "zone": "FR", "frequency": "h", "completed_days": 68, "total_days": 90, "day": "2026-08-24", "elapsed_seconds": 4550.739786600025}
{"phase": "kalman", "zone": "NL", "frequency": "h", "completed_days": 71, "total_days": 90, "day": "2026-08-27", "elapsed_seconds": 4551.744728099991}
{"phase": "kalman", "zone": "DE", "frequency": "h", "completed_days": 86, "total_days": 90, "day": "2026-09-11", "elapsed_seconds": 4552.323576900002}
{"phase": "kalman", "zone": "BE", "frequency": "h", "completed_days": 90, "total_days": 90, "day": "2026-09-15", "elapsed_seconds": 4553.117054700007}
{"phase": "kalman", "zone": "FR", "frequency": "h", "completed_days": 69, "total_days": 90, "day": "2026-08-25", "elapsed_seconds": 4554.168713500025}
{"phase": "kalman", "zone": "NL", "frequency": "h", "completed_days": 72, "total_days": 90, "day": "2026-08-28", "elapsed_seconds": 4555.166954299988}
{"phase": "kalman", "zone": "DE", "frequency": "h", "completed_days": 87, "total_days": 90, "day": "2026-09-12", "elapsed_seconds": 4555.895112600003}
{"phase": "kalman", "zone": "FR", "frequency": "h", "completed_days": 70, "total_days": 90, "day": "2026-08-26", "elapsed_seconds": 4557.355081400019}
{"phase": "kalman", "zone": "NL", "frequency": "h", "completed_days": 73, "total_days": 90, "day": "2026-08-29", "elapsed_seconds": 4558.47279900001}
{"phase": "kalman", "zone": "DE", "frequency": "h", "completed_days": 88, "total_days": 90, "day": "2026-09-13", "elapsed_seconds": 4559.362990199996}
{"phase": "kalman", "zone": "FR", "frequency": "h", "completed_days": 71, "total_days": 90, "day": "2026-08-27", "elapsed_seconds": 4560.560323300015}
{"phase": "kalman", "zone": "NL", "frequency": "h", "completed_days": 74, "total_days": 90, "day": "2026-08-30", "elapsed_seconds": 4561.766793899995}
{"phase": "kalman", "zone": "DE", "frequency": "h", "completed_days": 89, "total_days": 90, "day": "2026-09-14", "elapsed_seconds": 4562.691433899978}
{"phase": "kalman", "zone": "FR", "frequency": "h", "completed_days": 72, "total_days": 90, "day": "2026-08-28", "elapsed_seconds": 4563.7977647000225}
{"phase": "kalman", "zone": "NL", "frequency": "h", "completed_days": 75, "total_days": 90, "day": "2026-08-31", "elapsed_seconds": 4565.380111200007}
{"phase": "kalman", "zone": "DE", "frequency": "h", "completed_days": 90, "total_days": 90, "day": "2026-09-15", "elapsed_seconds": 4567.674293699994}
{"phase": "kalman", "zone": "FR", "frequency": "h", "completed_days": 73, "total_days": 90, "day": "2026-08-29", "elapsed_seconds": 4569.863089700026}
{"phase": "kalman", "zone": "NL", "frequency": "h", "completed_days": 76, "total_days": 90, "day": "2026-09-01", "elapsed_seconds": 4573.108271600009}
{"phase": "kalman", "zone": "FR", "frequency": "h", "completed_days": 74, "total_days": 90, "day": "2026-08-30", "elapsed_seconds": 4577.206109700026}
{"phase": "kalman", "zone": "NL", "frequency": "h", "completed_days": 77, "total_days": 90, "day": "2026-09-02", "elapsed_seconds": 4580.5456209999975}
{"phase": "kalman", "zone": "FR", "frequency": "h", "completed_days": 75, "total_days": 90, "day": "2026-08-31", "elapsed_seconds": 4584.175186400011}
{"phase": "kalman", "zone": "NL", "frequency": "h", "completed_days": 78, "total_days": 90, "day": "2026-09-03", "elapsed_seconds": 4588.073375999986}
{"phase": "kalman", "zone": "FR", "frequency": "h", "completed_days": 76, "total_days": 90, "day": "2026-09-01", "elapsed_seconds": 4590.459397300001}
{"phase": "kalman", "zone": "NL", "frequency": "h", "completed_days": 79, "total_days": 90, "day": "2026-09-04", "elapsed_seconds": 4592.812623500009}
{"phase": "kalman", "zone": "FR", "frequency": "h", "completed_days": 77, "total_days": 90, "day": "2026-09-02", "elapsed_seconds": 4594.171033300023}
{"phase": "kalman", "zone": "NL", "frequency": "h", "completed_days": 80, "total_days": 90, "day": "2026-09-05", "elapsed_seconds": 4596.795809400006}
{"phase": "kalman", "zone": "FR", "frequency": "h", "completed_days": 78, "total_days": 90, "day": "2026-09-03", "elapsed_seconds": 4600.30933270001}
{"phase": "kalman", "zone": "NL", "frequency": "h", "completed_days": 81, "total_days": 90, "day": "2026-09-06", "elapsed_seconds": 4604.399631100008}
{"phase": "kalman", "zone": "FR", "frequency": "h", "completed_days": 79, "total_days": 90, "day": "2026-09-04", "elapsed_seconds": 4607.786680900026}
{"phase": "kalman", "zone": "NL", "frequency": "h", "completed_days": 82, "total_days": 90, "day": "2026-09-07", "elapsed_seconds": 4611.987090799987}
{"phase": "kalman", "zone": "FR", "frequency": "h", "completed_days": 80, "total_days": 90, "day": "2026-09-05", "elapsed_seconds": 4615.217830000009}
{"phase": "kalman", "zone": "NL", "frequency": "h", "completed_days": 83, "total_days": 90, "day": "2026-09-08", "elapsed_seconds": 4619.615539899998}
{"phase": "kalman", "zone": "FR", "frequency": "h", "completed_days": 81, "total_days": 90, "day": "2026-09-06", "elapsed_seconds": 4622.654067700001}
{"phase": "kalman", "zone": "NL", "frequency": "h", "completed_days": 84, "total_days": 90, "day": "2026-09-09", "elapsed_seconds": 4627.25899870001}
{"phase": "kalman", "zone": "FR", "frequency": "h", "completed_days": 82, "total_days": 90, "day": "2026-09-07", "elapsed_seconds": 4630.260880200018}
{"phase": "kalman", "zone": "NL", "frequency": "h", "completed_days": 85, "total_days": 90, "day": "2026-09-10", "elapsed_seconds": 4632.195501799986}
{"phase": "kalman", "zone": "FR", "frequency": "h", "completed_days": 83, "total_days": 90, "day": "2026-09-08", "elapsed_seconds": 4633.468010200013}
{"phase": "kalman", "zone": "NL", "frequency": "h", "completed_days": 86, "total_days": 90, "day": "2026-09-11", "elapsed_seconds": 4636.678486099991}
{"phase": "kalman", "zone": "FR", "frequency": "h", "completed_days": 84, "total_days": 90, "day": "2026-09-09", "elapsed_seconds": 4639.340783200023}
{"phase": "kalman", "zone": "NL", "frequency": "h", "completed_days": 87, "total_days": 90, "day": "2026-09-12", "elapsed_seconds": 4644.229530199984}
{"phase": "kalman", "zone": "FR", "frequency": "h", "completed_days": 85, "total_days": 90, "day": "2026-09-10", "elapsed_seconds": 4647.249404400005}
{"phase": "kalman", "zone": "NL", "frequency": "h", "completed_days": 88, "total_days": 90, "day": "2026-09-13", "elapsed_seconds": 4652.086400800006}
{"phase": "kalman", "zone": "FR", "frequency": "h", "completed_days": 86, "total_days": 90, "day": "2026-09-11", "elapsed_seconds": 4654.928814200015}
{"phase": "kalman", "zone": "NL", "frequency": "h", "completed_days": 89, "total_days": 90, "day": "2026-09-14", "elapsed_seconds": 4660.303381500009}
{"phase": "kalman", "zone": "FR", "frequency": "h", "completed_days": 87, "total_days": 90, "day": "2026-09-12", "elapsed_seconds": 4662.667293900013}
{"phase": "kalman", "zone": "NL", "frequency": "h", "completed_days": 90, "total_days": 90, "day": "2026-09-15", "elapsed_seconds": 4665.327782799985}
{"phase": "kalman", "zone": "FR", "frequency": "h", "completed_days": 88, "total_days": 90, "day": "2026-09-13", "elapsed_seconds": 4666.633927100018}
{"phase": "kalman", "zone": "FR", "frequency": "h", "completed_days": 89, "total_days": 90, "day": "2026-09-14", "elapsed_seconds": 4670.046275500004}
{"phase": "kalman", "zone": "FR", "frequency": "h", "completed_days": 90, "total_days": 90, "day": "2026-09-15", "elapsed_seconds": 4673.570118500007}
{
  "status": "complete",
  "reason": null,
  "report": "C:\\Users\\BQ6757\\chronos2_v1\\runs\\experiments\\nyx_fullquarterhour_v1\\20260916T111425Z_dff7f605\\report.html",
  "directory": "C:\\Users\\BQ6757\\chronos2_v1\\runs\\experiments\\nyx_fullquarterhour_v1\\20260916T111425Z_dff7f605"
}
